Microchip MPLAB XC8 Compiler V2.20

Linker command line:

-W-3 --edf=C:\Program Files\Microchip\xc8\v2.20\pic\dat\en_msgs.txt -cn \
  -h+dist/default/production\Modbus_FC03_Comm.X.production.sym \
  --cmf=dist/default/production\Modbus_FC03_Comm.X.production.cmf -z \
  -Q18F45K22 -oC:\Users\aslan\AppData\Local\Temp\sd4k.2 \
  --defsym=__MPLAB_BUILD=1 \
  -Mdist/default/production/Modbus_FC03_Comm.X.production.map -E1 \
  -ver=XC8 Compiler --acfsm=1493 -ASTACK=060h-05FFh -pstack=STACK \
  -ACODE=00h-07FFFh -ACONST=00h-07FFFh -ASMALLCONST=0600h-06FFhx122 \
  -AMEDIUMCONST=0600h-07FFFh -ACOMRAM=01h-05Fh -AABS1=00h-05FFh \
  -ABIGRAM=01h-05FFh -ARAM=060h-0FFh,0100h-01FFhx5 -ABANK0=060h-0FFh \
  -ABANK1=0100h-01FFh -ABANK2=0200h-02FFh -ABANK3=0300h-03FFh \
  -ABANK4=0400h-04FFh -ABANK5=0500h-05FFh -ASFR=0F38h-0F5Fh,0F60h-0FFFh \
  -ACONFIG=0300000h-030000Dh -AIDLOC=0200000h-0200007h \
  -preset_vec=00h,intcode=08h,intcodelo,powerup,init -pramtop=0600h \
  -psmallconst=SMALLCONST -pmediumconst=MEDIUMCONST -pconst=CONST \
  -AFARRAM=00h-00h -AEEDATA=0F00000h-0F000FFh -peeprom_data=EEDATA \
  -prdata=COMRAM,nvrram=COMRAM,nvbit=COMRAM,rbss=COMRAM,rbit=COMRAM \
  -pfarbss=FARRAM,fardata=FARRAM,nvFARRAM=FARRAM \
  -pintsave_regs=BIGRAM,bigbss=BIGRAM,bigdata=BIGRAM -pbss=RAM \
  -pidata=CODE,irdata=CODE,ibigdata=CODE,ifardata=CODE -prparam=COMRAM \
  C:\Users\aslan\AppData\Local\Temp\sd4k.o \
  dist/default/production\Modbus_FC03_Comm.X.production.o 

Object code version is 3.11

Machine type is 18F45K22



                Name                               Link     Load   Length Selector   Space Scale
C:\Users\aslan\AppData\Local\Temp\sd4k.o
                idloc                            200000   200000        8        0       5
                config                           300000   300000        E        0       4
                init                                162      162        4        4       0
                reset_vec                             0        0        4        0       0
dist/default/production\Modbus_FC03_Comm.X.production.o
                intcode                               8        8      15A        4       0
                idloc                            200000   200000        8        0       5
                config                           300000   300000        E        0       4
                temp                                 49       49        1        1       1
                text6                               4CE      4CE       12        4       0
                text5                               4B8      4B8       16        4       0
                text3                               2F0      2F0       DC        4       0
                text2                               494      494       24        4       0
                text1                               3CC      3CC       9A        4       0
                text0                               166      166      18A        4       0
                cstackCOMRAM                         28       28       1F        1       1
                dataCOMRAM                           48       48        1        1       1
                bssCOMRAM                             1        1       27        1       1
                bitbssCOMRAM                        238       47        2        1       1     8
                cinit                               466      466       2E        4       0
                idataCOMRAM                         4E0      4E0        1        4       0

TOTAL           Name                               Link     Load   Length     Space
        CLASS   STACK          

        CLASS   CODE           
                intcode                               8        8      15A         0
                init                                162      162        4         0
                reset_vec                             0        0        4         0
                text6                               4CE      4CE       12         0
                text5                               4B8      4B8       16         0
                text3                               2F0      2F0       DC         0
                text2                               494      494       24         0
                text1                               3CC      3CC       9A         0
                text0                               166      166      18A         0
                cinit                               466      466       2E         0
                idataCOMRAM                         4E0      4E0        1         0

        CLASS   CONST          

        CLASS   SMALLCONST     

        CLASS   MEDIUMCONST    

        CLASS   COMRAM         
                temp                                 49       49        1         1
                cstackCOMRAM                         28       28       1F         1
                dataCOMRAM                           48       48        1         1
                bssCOMRAM                             1        1       27         1
                bitbssCOMRAM                        238       47        2         1

        CLASS   ABS1           

        CLASS   BIGRAM         

        CLASS   RAM            

        CLASS   BANK0          

        CLASS   BANK1          

        CLASS   BANK2          

        CLASS   BANK3          

        CLASS   BANK4          

        CLASS   BANK5          

        CLASS   SFR            

        CLASS   CONFIG         
                config                           300000   300000        E         4

        CLASS   IDLOC          
                idloc                            200000   200000        8         5

        CLASS   FARRAM         

        CLASS   EEDATA         



SEGMENTS        Name                           Load    Length   Top    Selector   Space  Class

                reset_vec                      000000  000004  000004         0       0  CODE    
                bssCOMRAM                      000001  000049  00004A         1       1  COMRAM  
                intcode                        000008  0004D9  0004E1         4       0  CODE    


UNUSED ADDRESS RANGES

        Name                Unused          Largest block    Delta
        BANK0            000060-0000FF               A0
        BANK1            000100-0001FF              100
        BANK2            000200-0002FF              100
        BANK3            000300-0003FF              100
        BANK4            000400-0004FF              100
        BANK5            000500-0005FF              100
        BIGRAM           00004A-0005FF              5B6
        CODE             000004-000007                4
                         0004E1-007FFF             7B1F
        COMRAM           00004A-00005F               16
        CONST            000004-000007                4
                         0004E1-007FFF             7B1F
        EEDATA           F00000-F000FF              100
        MEDIUMCONST      000600-007FFF             7A00
        RAM              000060-0005FF              100
        SFR              000F38-000FFF               28
        SMALLCONST       000600-007FFF              100
        STACK            000060-0005FF              5A0

                                  Symbol Table

SetAnalogValue@chs       cstackCOMRAM 00002E
SetError@buf             cstackCOMRAM 00002E
SetError@error           cstackCOMRAM 000030
SetTheData@buf           cstackCOMRAM 000031
SetTheData@data_num      cstackCOMRAM 000033
SetTheData@idx           cstackCOMRAM 000039
SetTheData@tx_idx        cstackCOMRAM 000035
UART_Write@data          cstackCOMRAM 000028
_ADCON0                  (abs)        000FC2
_ADCON0bits              (abs)        000FC2
_ADCON1                  (abs)        000FC1
_ADCON2                  (abs)        000FC0
_ADRESH                  (abs)        000FC4
_ADRESL                  (abs)        000FC3
_ANSELA                  (abs)        000F38
_ANSELB                  (abs)        000F39
_ANSELC                  (abs)        000F3A
_ANSELD                  (abs)        000F3B
_BAUDCONbits             (abs)        000FB8
_Count                   bssCOMRAM    000019
_Count2                  bssCOMRAM    000017
_GIE                     (abs)        007F97
_GODONE                  (abs)        007E11
_PEIE                    (abs)        007F96
_PORTA                   (abs)        000F80
_PORTB                   (abs)        000F81
_PORTC                   (abs)        000F82
_PORTCbits               (abs)        000F82
_PORTD                   (abs)        000F83
_RC1IF                   (abs)        007CF5
_RCIE                    (abs)        007CED
_RCIF                    (abs)        007CF5
_RCIP                    (abs)        007CFD
_RCREG                   (abs)        000FAE
_RCSTAbits               (abs)        000FAB
_RX_Buffer               bssCOMRAM    000001
_RX_Count                bssCOMRAM    000013
_RX_Flag                 bitbssCOMRAM 000239
_RX_Length               bssCOMRAM    000011
_SPBRG                   (abs)        000FAF
_SetAnalogValue          text2        000494
_SetError                text3        0002F0
_SetTheData              text1        0003CC
_T0CON                   (abs)        000FD5
_TMR0IE                  (abs)        007F95
_TMR0IF                  (abs)        007F92
_TRISA                   (abs)        000F92
_TRISB                   (abs)        000F93
_TRISC                   (abs)        000F94
_TRISD                   (abs)        000F95
_TXIF                    (abs)        007CF4
_TXREG                   (abs)        000FAD
_TXSTA1bits              (abs)        000FAC
_TXSTAbits               (abs)        000FAC
_TX_Buffer               bssCOMRAM    00001B
_TX_Count                bssCOMRAM    00000B
_TX_Flag                 bitbssCOMRAM 000238
_TX_Length               bssCOMRAM    00000D
_UART_Read               text6        0004CE
_UART_Write              text5        0004B8
__HRAM                   (abs)        000000
__Habs1                  abs1         000000
__Hbank0                 bank0        000000
__Hbank1                 bank1        000000
__Hbank2                 bank2        000000
__Hbank3                 bank3        000000
__Hbank4                 bank4        000000
__Hbank5                 bank5        000000
__Hbigbss                bigbss       000000
__Hbigdata               bigdata      000000
__Hbigram                bigram       000000
__HbitbssCOMRAM          bitbssCOMRAM 000000
__Hbss                   bss          000000
__HbssCOMRAM             bssCOMRAM    000000
__Hcinit                 cinit        000000
__Hclrtext               clrtext      000000
__Hcomram                comram       000000
__Hconfig                config       30000E
__Hconst                 const        000000
__HcstackCOMRAM          cstackCOMRAM 000000
__Hdata                  data         000000
__HdataCOMRAM            dataCOMRAM   000000
__Heeprom_data           eeprom_data  000000
__Hfarbss                farbss       000000
__Hfardata               fardata      000000
__Hibigdata              ibigdata     000000
__Hidata                 idata        000000
__HidataCOMRAM           idataCOMRAM  000000
__Hidloc                 idloc        200008
__Hifardata              ifardata     000000
__Hinit                  init         000166
__Hintcode               intcode      000162
__Hintcode_body          intcode_body 000000
__Hintcodelo             intcodelo    000162
__Hintentry              intentry     000000
__Hintret                intret       000000
__Hintsave_regs          intsave_regs 000000
__Hirdata                irdata       000000
__Hmediumconst           mediumconst  000000
__HnvFARRAM              nvFARRAM     000000
__Hnvbit                 nvbit        000000
__Hnvrram                nvrram       000000
__Hparam                 rparam       000000
__Hpowerup               powerup      000162
__Hram                   ram          000000
__Hramtop                ramtop       000600
__Hrbit                  rbit         000000
__Hrbss                  rbss         000000
__Hrdata                 rdata        000000
__Hreset_vec             reset_vec    000004
__Hrparam                rparam       000000
__Hsfr                   sfr          000000
__Hsmallconst            smallconst   000000
__Hspace_0               (abs)        000600
__Hspace_1               (abs)        00023A
__Hspace_2               (abs)        000000
__Hspace_4               (abs)        60000E
__Hstack                 stack        000000
__Hstruct                struct       000000
__Htemp                  temp         00004A
__Htext                  text         000000
__Htext0                 text0        000000
__Htext1                 text1        000000
__Htext2                 text2        000000
__Htext3                 text3        000000
__Htext5                 text5        000000
__Htext6                 text6        000000
__LRAM                   (abs)        000001
__Labs1                  abs1         000000
__Lbank0                 bank0        000000
__Lbank1                 bank1        000000
__Lbank2                 bank2        000000
__Lbank3                 bank3        000000
__Lbank4                 bank4        000000
__Lbank5                 bank5        000000
__Lbigbss                bigbss       000000
__Lbigdata               bigdata      000000
__Lbigram                bigram       000000
__LbitbssCOMRAM          bitbssCOMRAM 000000
__Lbss                   bss          000000
__LbssCOMRAM             bssCOMRAM    000000
__Lcinit                 cinit        000000
__Lclrtext               clrtext      000000
__Lcomram                comram       000000
__Lconfig                config       000000
__Lconst                 const        000000
__LcstackCOMRAM          cstackCOMRAM 000000
__Ldata                  data         000000
__LdataCOMRAM            dataCOMRAM   000000
__Leeprom_data           eeprom_data  000000
__Lfarbss                farbss       000000
__Lfardata               fardata      000000
__Libigdata              ibigdata     000000
__Lidata                 idata        000000
__LidataCOMRAM           idataCOMRAM  000000
__Lidloc                 idloc        000000
__Lifardata              ifardata     000000
__Linit                  init         000162
__Lintcode               intcode      000008
__Lintcode_body          intcode_body 000000
__Lintcodelo             intcodelo    000162
__Lintentry              intentry     000000
__Lintret                intret       000000
__Lintsave_regs          intsave_regs 000000
__Lirdata                irdata       000000
__Lmediumconst           mediumconst  000000
__LnvFARRAM              nvFARRAM     000000
__Lnvbit                 nvbit        000000
__Lnvrram                nvrram       000000
__Lparam                 rparam       000000
__Lpowerup               powerup      000162
__Lram                   ram          000000
__Lramtop                ramtop       000600
__Lrbit                  rbit         000000
__Lrbss                  rbss         000000
__Lrdata                 rdata        000000
__Lreset_vec             reset_vec    000000
__Lrparam                rparam       000000
__Lsfr                   sfr          000000
__Lsmallconst            smallconst   000000
__Lspace_0               (abs)        000000
__Lspace_1               (abs)        000000
__Lspace_2               (abs)        000000
__Lspace_4               (abs)        000000
__Lstack                 stack        000000
__Lstruct                struct       000000
__Ltemp                  temp         000049
__Ltext                  text         000000
__Ltext0                 text0        000000
__Ltext1                 text1        000000
__Ltext2                 text2        000000
__Ltext3                 text3        000000
__Ltext5                 text5        000000
__Ltext6                 text6        000000
__S0                     (abs)        0004E1
__S1                     (abs)        00004A
__S2                     (abs)        000000
__S4                     (abs)        000000
__S5                     (abs)        000000
___inthi_sp              stack        000000
___intlo_sp              stack        000000
___param_bank            (abs)        000000
___rparam_used           (abs)        000001
___sp                    stack        000000
__accesstop              (abs)        000060
__activetblptr           (abs)        000002
__end_of_SetAnalogValue  text2        0004B8
__end_of_SetError        text3        0003CC
__end_of_SetTheData      text1        000466
__end_of_UART_Read       text6        0004E0
__end_of_UART_Write      text5        0004CE
__end_of__initialization cinit        000486
__end_of_high_priorty    intcode      000162
__end_of_main            text0        0002F0
__initialization         cinit        000466
__mediumconst            mediumconst  000000
__pbitbssCOMRAM          bitbssCOMRAM 000238
__pbssCOMRAM             bssCOMRAM    000001
__pcinit                 cinit        000466
__pcstackCOMRAM          cstackCOMRAM 000028
__pdataCOMRAM            dataCOMRAM   000048
__pidataCOMRAM           idataCOMRAM  0004E0
__pintcode               intcode      000008
__ptext0                 text0        000166
__ptext1                 text1        0003CC
__ptext2                 text2        000494
__ptext3                 text3        0002F0
__ptext5                 text5        0004B8
__ptext6                 text6        0004CE
__ramtop                 ramtop       000600
__size_of_SetAnalogValue (abs)        000000
__size_of_SetError       (abs)        000000
__size_of_SetTheData     (abs)        000000
__size_of_UART_Read      (abs)        000000
__size_of_UART_Write     (abs)        000000
__size_of_high_priorty   (abs)        000000
__size_of_main           (abs)        000000
__smallconst             smallconst   000000
_address                 dataCOMRAM   000048
_errorCode               bssCOMRAM    00000F
_high_priorty            intcode      000008
_main                    text0        000166
_tempTX_Index            bssCOMRAM    000009
_timeoutCount            bssCOMRAM    000015
btemp                    temp         000049
end_of_initialization    cinit        000486
high_priorty@i           cstackCOMRAM 00002C
int$flags                temp         000049
intlevel0                text         000000
intlevel1                text         000000
intlevel2                text         000000
intlevel3                text         000000
main@i                   cstackCOMRAM 000045
main@recDataCount        cstackCOMRAM 000041
main@rev_data            cstackCOMRAM 000043
stackhi                  (abs)        0005FF
stacklo                  (abs)        000060
start                    init         000162
start_initialization     cinit        000466
ttemp5                   temp         00004A
ttemp6                   temp         00004D
ttemp7                   temp         000051
wtemp8                   temp         00004A


FUNCTION INFORMATION:

 *************** function _main *****************
 Defined at:
		line 89 in file "newmain.c"
 Parameters:    Size  Location     Type
  argc            2   19[COMRAM] int 
  argv            3   21[COMRAM] PTR PTR unsigned char 
 Auto vars:     Size  Location     Type
  i               2   29[COMRAM] int 
  rev_data        2   27[COMRAM] int 
  recDataCount    2   25[COMRAM] int 
 Return value:  Size  Location     Type
                  2   19[COMRAM] int 
 Registers used:
		wreg, fsr2l, fsr2h, status,2, status,0, cstack
 Tracked objects:
		On entry : 
		On exit  : 
		Unchanged: 
 Data sizes:     COMRAM   BANK0   BANK1   BANK2   BANK3   BANK4   BANK5
      Params:         5       0       0       0       0       0       0
      Locals:         6       0       0       0       0       0       0
      Temps:          1       0       0       0       0       0       0
      Totals:        12       0       0       0       0       0       0
Total ram usage:       12 bytes
 Hardware stack levels required when called:    4
 This function calls:
		_SetError
		_SetTheData
 This function is called by:
		Startup code after reset
 This function uses a non-reentrant model


 *************** function _SetTheData *****************
 Defined at:
		line 37 in file "newmain.c"
 Parameters:    Size  Location     Type
  buf             2    9[COMRAM] PTR unsigned char 
		 -> TX_Buffer(13), 
  data_num        2   11[COMRAM] int 
  tx_idx          2   13[COMRAM] int 
 Auto vars:     Size  Location     Type
  idx             2   17[COMRAM] int 
 Return value:  Size  Location     Type
                  1    wreg      void 
 Registers used:
		wreg, fsr2l, fsr2h, status,2, status,0, cstack
 Tracked objects:
		On entry : 
		On exit  : 
		Unchanged: 
 Data sizes:     COMRAM   BANK0   BANK1   BANK2   BANK3   BANK4   BANK5
      Params:         6       0       0       0       0       0       0
      Locals:         2       0       0       0       0       0       0
      Temps:          2       0       0       0       0       0       0
      Totals:        10       0       0       0       0       0       0
Total ram usage:       10 bytes
 Hardware stack levels used:    1
 Hardware stack levels required when called:    3
 This function calls:
		_SetAnalogValue
 This function is called by:
		_main
 This function uses a non-reentrant model


 *************** function _SetAnalogValue *****************
 Defined at:
		line 31 in file "newmain.c"
 Parameters:    Size  Location     Type
  chs             2    6[COMRAM] int 
 Auto vars:     Size  Location     Type
		None
 Return value:  Size  Location     Type
                  1    wreg      void 
 Registers used:
		wreg, status,2, status,0
 Tracked objects:
		On entry : 
		On exit  : 
		Unchanged: 
 Data sizes:     COMRAM   BANK0   BANK1   BANK2   BANK3   BANK4   BANK5
      Params:         2       0       0       0       0       0       0
      Locals:         0       0       0       0       0       0       0
      Temps:          1       0       0       0       0       0       0
      Totals:         3       0       0       0       0       0       0
Total ram usage:        3 bytes
 Hardware stack levels used:    1
 Hardware stack levels required when called:    2
 This function calls:
		Nothing
 This function is called by:
		_SetTheData
 This function uses a non-reentrant model


 *************** function _SetError *****************
 Defined at:
		line 69 in file "newmain.c"
 Parameters:    Size  Location     Type
  buf             2    6[COMRAM] PTR unsigned char 
		 -> TX_Buffer(13), 
  error           2    8[COMRAM] int 
 Auto vars:     Size  Location     Type
		None
 Return value:  Size  Location     Type
                  1    wreg      void 
 Registers used:
		wreg, fsr2l, fsr2h, status,2, status,0
 Tracked objects:
		On entry : 
		On exit  : 
		Unchanged: 
 Data sizes:     COMRAM   BANK0   BANK1   BANK2   BANK3   BANK4   BANK5
      Params:         4       0       0       0       0       0       0
      Locals:         0       0       0       0       0       0       0
      Temps:          0       0       0       0       0       0       0
      Totals:         4       0       0       0       0       0       0
Total ram usage:        4 bytes
 Hardware stack levels used:    1
 Hardware stack levels required when called:    2
 This function calls:
		Nothing
 This function is called by:
		_main
 This function uses a non-reentrant model


 *************** function _high_priorty *****************
 Defined at:
		line 166 in file "newmain.c"
 Parameters:    Size  Location     Type
		None
 Auto vars:     Size  Location     Type
  i               2    4[COMRAM] int 
 Return value:  Size  Location     Type
                  1    wreg      void 
 Registers used:
		wreg, fsr2l, fsr2h, status,2, status,0, cstack
 Tracked objects:
		On entry : 
		On exit  : 
		Unchanged: 
 Data sizes:     COMRAM   BANK0   BANK1   BANK2   BANK3   BANK4   BANK5
      Params:         0       0       0       0       0       0       0
      Locals:         2       0       0       0       0       0       0
      Temps:          3       0       0       0       0       0       0
      Totals:         5       0       0       0       0       0       0
Total ram usage:        5 bytes
 Hardware stack levels used:    1
 Hardware stack levels required when called:    1
 This function calls:
		_UART_Read
		_UART_Write
 This function is called by:
		Interrupt level 2
 This function uses a non-reentrant model


 *************** function _UART_Write *****************
 Defined at:
		line 57 in file "newmain.c"
 Parameters:    Size  Location     Type
  data            1    wreg     unsigned char 
 Auto vars:     Size  Location     Type
  data            1    0[COMRAM] unsigned char 
 Return value:  Size  Location     Type
                  1    wreg      void 
 Registers used:
		wreg
 Tracked objects:
		On entry : 
		On exit  : 
		Unchanged: 
 Data sizes:     COMRAM   BANK0   BANK1   BANK2   BANK3   BANK4   BANK5
      Params:         0       0       0       0       0       0       0
      Locals:         1       0       0       0       0       0       0
      Temps:          0       0       0       0       0       0       0
      Totals:         1       0       0       0       0       0       0
Total ram usage:        1 bytes
 Hardware stack levels used:    1
 This function calls:
		Nothing
 This function is called by:
		_high_priorty
 This function uses a non-reentrant model


 *************** function _UART_Read *****************
 Defined at:
		line 63 in file "newmain.c"
 Parameters:    Size  Location     Type
		None
 Auto vars:     Size  Location     Type
		None
 Return value:  Size  Location     Type
                  1    wreg      unsigned char 
 Registers used:
		wreg, status,2
 Tracked objects:
		On entry : 
		On exit  : 
		Unchanged: 
 Data sizes:     COMRAM   BANK0   BANK1   BANK2   BANK3   BANK4   BANK5
      Params:         0       0       0       0       0       0       0
      Locals:         0       0       0       0       0       0       0
      Temps:          0       0       0       0       0       0       0
      Totals:         0       0       0       0       0       0       0
Total ram usage:        0 bytes
 Hardware stack levels used:    1
 This function calls:
		Nothing
 This function is called by:
		_high_priorty
 This function uses a non-reentrant model



MODULE INFORMATION

Module		Function		Class		Link	Load	Size
newmain.c
		_UART_Read     		CODE           	04CE	0000	19
		_high_priorty  		CODE           	0008	0000	347
		_SetError      		CODE           	02F0	0000	221
		_main          		CODE           	0166	0000	395
		_SetAnalogValue		CODE           	0494	0000	37
		_SetTheData    		CODE           	03CC	0000	155
		_UART_Write    		CODE           	04B8	0000	23

newmain.c estimated size: 1197

shared
		__initialization		CODE           	0466	0000	33

shared estimated size: 33

